--- Starting Automation Verification Test ---
SUCCESS: Logged in as lecturer
Initial model timestamp: Tue Mar 10 16:15:58 2026
Sending attendance records (Student ID 1, Status: Absent)...
SUCCESS: 1 attendance records created and automation triggered
Waiting 10 seconds for background tasks (alerts & retraining) to finish...
Checking for generated alerts...
Found 0 alerts for Student ID 1
Final model timestamp: Tue Mar 10 16:15:58 2026
WARNING: ML Model file was NOT updated. Check backend logs for errors.
